// Jest Snapshot v1, https://goo.gl/fbAQLP

exports[`should render correctl ExepenssSummary  1`] = `
<div
  className="page-header"
>
  <div
    className="content-container"
  >
    <h1
      className="page-header__title"
    >
       There are total 
      <span>
        1
      </span>
       expenses of 
      <span>
        $2.35
      </span>
       . 
    </h1>
    <div
      className="page-header__actions"
    >
      <Link
        className="button"
        to="/create"
      >
        Add Expense
      </Link>
    </div>
  </div>
</div>
`;
